Archive member included       because of file (symbol)

/usr/local/openravenscar/lib/gcc-lib/sparc-ork-elf/2.8.1/adalib/libgnarl.a(a-reatim.o)
                              ./devices.o (ada__real_time__clock)
/usr/local/openravenscar/lib/gcc-lib/sparc-ork-elf/2.8.1/adalib/libgnarl.a(a-retide.o)
                              ./tasks.o (ada__real_time__delays__delay_until)
/usr/local/openravenscar/lib/gcc-lib/sparc-ork-elf/2.8.1/adalib/libgnarl.a(s-taprob.o)
                              ./symptoms.o (system__tasking__protected_objects__initialize_protection)
/usr/local/openravenscar/lib/gcc-lib/sparc-ork-elf/2.8.1/adalib/libgnarl.a(s-taprop.o)
                              /usr/local/openravenscar/lib/gcc-lib/sparc-ork-elf/2.8.1/adalib/libgnarl.a(a-retide.o) (system__task_primitives__operations__self)
/usr/local/openravenscar/lib/gcc-lib/sparc-ork-elf/2.8.1/adalib/libgnarl.a(s-tarest.o)
                              ./tasks.o (system__tasking__restricted__stages__create_restricted_task)
/usr/local/openravenscar/lib/gcc-lib/sparc-ork-elf/2.8.1/adalib/libgnarl.a(s-tasdeb.o)
                              b~main.o (system__tasking__debug___elabs)
/usr/local/openravenscar/lib/gcc-lib/sparc-ork-elf/2.8.1/adalib/libgnarl.a(s-taskin.o)
                              /usr/local/openravenscar/lib/gcc-lib/sparc-ork-elf/2.8.1/adalib/libgnarl.a(s-tasdeb.o) (system__tasking__task_statesT)
/usr/local/openravenscar/lib/gcc-lib/sparc-ork-elf/2.8.1/adalib/libgnarl.a(s-taspri.o)
                              /usr/local/openravenscar/lib/gcc-lib/sparc-ork-elf/2.8.1/adalib/libgnarl.a(s-taskin.o) (system__task_primitives___init_proc)
/usr/local/openravenscar/lib/gcc-lib/sparc-ork-elf/2.8.1/adalib/libgnarl.a(kernel-interrupts.o)
                              b~main.o (kernel__interrupts___elabb)
/usr/local/openravenscar/lib/gcc-lib/sparc-ork-elf/2.8.1/adalib/libgnarl.a(kernel-threads.o)
                              b~main.o (kernel__threads___elabs)
/usr/local/openravenscar/lib/gcc-lib/sparc-ork-elf/2.8.1/adalib/libgnarl.a(kernel-threads-atcb.o)
                              /usr/local/openravenscar/lib/gcc-lib/sparc-ork-elf/2.8.1/adalib/libgnarl.a(s-taprop.o) (kernel__threads__atcb__set_atcb)
/usr/local/openravenscar/lib/gcc-lib/sparc-ork-elf/2.8.1/adalib/libgnarl.a(kernel-threads-queues.o)
                              /usr/local/openravenscar/lib/gcc-lib/sparc-ork-elf/2.8.1/adalib/libgnarl.a(s-taprop.o) (running_thread)
/usr/local/openravenscar/lib/gcc-lib/sparc-ork-elf/2.8.1/adalib/libgnarl.a(kernel-threads-protection.o)
                              /usr/local/openravenscar/lib/gcc-lib/sparc-ork-elf/2.8.1/adalib/libgnarl.a(kernel-threads.o) (kernel__threads__protection__dispatch)
/usr/local/openravenscar/lib/gcc-lib/sparc-ork-elf/2.8.1/adalib/libgnarl.a(kernel-time.o)
                              /usr/local/openravenscar/lib/gcc-lib/sparc-ork-elf/2.8.1/adalib/libgnarl.a(s-taprop.o) (kernel_clock)
/usr/local/openravenscar/lib/gcc-lib/sparc-ork-elf/2.8.1/adalib/libgnarl.a(kernel-memory.o)
                              /usr/local/openravenscar/sparc-ork-elf/lib/ada_crt0.o (environment_stack)
/usr/local/openravenscar/lib/gcc-lib/sparc-ork-elf/2.8.1/adalib/libgnarl.a(kernel-cpu_primitives.o)
                              /usr/local/openravenscar/lib/gcc-lib/sparc-ork-elf/2.8.1/adalib/libgnarl.a(kernel-threads-protection.o) (kernel__cpu_primitives__context_switch)
/usr/local/openravenscar/lib/gcc-lib/sparc-ork-elf/2.8.1/adalib/libgnarl.a(kernel-peripherals-registers.o)
                              b~main.o (kernel__peripherals__registers___elabs)
/usr/local/openravenscar/lib/gcc-lib/sparc-ork-elf/2.8.1/adalib/libgnarl.a(kernel-peripherals.o)
                              /usr/local/openravenscar/lib/gcc-lib/sparc-ork-elf/2.8.1/adalib/libgnarl.a(kernel-interrupts.o) (kernel__peripherals__to_vector)
/usr/local/openravenscar/lib/gcc-lib/sparc-ork-elf/2.8.1/adalib/libgnarl.a(kernel-serial_output.o)
                              ./devices.o (kernel__serial_output__put__2)
/usr/local/openravenscar/lib/gcc-lib/sparc-ork-elf/2.8.1/adalib/libgnarl.a(context.o)
                              /usr/local/openravenscar/sparc-ork-elf/lib/ada_crt0.o (context_trap)
/usr/local/openravenscar/lib/gcc-lib/sparc-ork-elf/2.8.1/adalib/libgnarl.a(install_handler.o)
                              /usr/local/openravenscar/sparc-ork-elf/lib/ada_crt0.o (FP_Save_Pending)
/usr/local/openravenscar/lib/gcc-lib/sparc-ork-elf/2.8.1/adalib/libgnarl.a(int_level.o)
                              /usr/local/openravenscar/lib/gcc-lib/sparc-ork-elf/2.8.1/adalib/libgnarl.a(kernel-threads-protection.o) (disable_interrupts)
/usr/local/openravenscar/lib/gcc-lib/sparc-ork-elf/2.8.1/adalib/libgnat.a(a-except.o)
                              b~main.o (ada__exceptions___elabs)
/usr/local/openravenscar/lib/gcc-lib/sparc-ork-elf/2.8.1/adalib/libgnat.a(a-filico.o)
                              b~main.o (ada__finalization__list_controller___elabs)
[...]
Memory Configuration

Name             Origin             Length             Attributes
rom              0x00000000         0x00200000         xr
ram              0x02000000         0x003f8000         xrw
*default*        0x00000000         0xffffffff

Linker script and memory map

                0x00200000                PROM_SIZE=0x200000
                0x00400000                RAM_SIZE=0x400000
                0x00000000                PROM_START=0x0
                0x00200000                PROM_END=(PROM_START+PROM_SIZE)
                0x02000000                RAM_START=0x2000000
                0x02400000                RAM_END=(RAM_START+RAM_SIZE)

.text           0x02000000    0x333d0
 CREATE_OBJECT_SYMBOLS
                0x02000000                text_start=.
 *(.text)
 .text          0x02000000     0x1384 /usr/local/openravenscar/sparc-ork-elf/lib/ada_crt0.o
                0x020011bc                __exit
                0x02000000                trap_table
                0x02000000                start
                0x020011bc                _exit
 .text          0x02001384      0x27c b~main.o
                0x020015e8                ada_main___elabb
                0x02001384                adainit
                0x02001568                main
                0x0200154c                adafinal
 .text          0x02001600       0x1c ./main.o
                0x02001600                _ada_main
 .text          0x0200161c      0xc94 ./symptoms.o
                0x0200161c                symptoms___init_proc
                0x02001664                symptoms___elabs
                0x02001704                symptoms__datosPT__getcabezainclinadaN
                0x02001888                symptoms__datosPT__setcabezainclinadaN
                0x02001788                symptoms__datosPT__getdistanciaN
                0x02001904                symptoms__datosPT__setdistanciaN
                0x02001680                symptoms__datosPT__getvolantazoN
                0x0200180c                symptoms__datosPT__setvolantazoN
                0x02002298                symptoms___elabb
                0x02002144                symptoms__datosPT__getvolantazoP
                0x020019b8                symptoms__datosPT__setdistanciaP
                0x02001e2c                symptoms__datosPT__getdistanciaP
                0x02001cb0                symptoms__datosPT__setvolantazoP
                0x02001b34                symptoms__datosPT__setcabezainclinadaP
                0x02001fb8                symptoms__datosPT__getcabezainclinadaP
 .text          0x020022b0      0x840 ./measures.o
                0x020022f4                measures___elabs
                0x020027f8                measures__datosPT__getdistanciaP
                0x02002510                measures__datosPT__setdistanciaP
                0x02002684                measures__datosPT__setvelocidadP
                0x02002ad8                measures___elabb
                0x02002984                measures__datosPT__getvelocidadP
                0x0200246c                measures__datosPT__setdistanciaN
                0x02002310                measures__datosPT__getvelocidadN
                0x02002388                measures__datosPT__getdistanciaN
                0x020022b0                measures___init_proc
                0x02002400                measures__datosPT__setvelocidadN
 .text          0x02002af0     0x5118 ./devices.o
                0x0200618c                devices___init_proc__6
                0x02006e3c                devices__display_distance
                0x020070e4                devices__display_electrodes_sample
                0x02002c8c                devices__reading_sensors
                0x02004a2c                devices__reading_speed
                0x02006ff8                devices__display_headposition_sample
                0x02006f64                devices__display_steering
                0x02005598                devices___init_proc__5
                0x02002c2c                devices___init_proc
                0x02003e00                devices___init_proc__3
                0x0200785c                devices(bool,...)(...)( *)
                0x0200329c                devices__reading_eyesimage
                0x02006ed0                devices__display_speed
                0x02007b90                devices___elabb
                0x02007b34                devices__activate_brake
                0x020061ec                devices__reading_steering
                0x020073fc                devices__display_cronometro
                0x02007774                devices__light
                0x020049cc                devices___init_proc__4
                0x020055f8                devices__reading_headposition
                0x02003e60                devices__reading_distance
                0x02007ad8                devices__activate_automatic_driving
                0x0200323c                devices___init_proc__2
                0x02002af0                devices___elabs
                0x020071d0                devices__display_eyes_sample
                0x02006d58                devices__display_pulse_rate
 .text          0x02007c08       0x54 ./add.o
                0x02007c08                add__background
                0x02007c44                add___elabb
 .text          0x02007c5c      0x9a8 ./workload.o
                0x02007c5c                workload___elabs
                0x0200805c                workload__small_whetstone
                0x020085ec                workload___elabb
 .text          0x02008604      0x848 ./tools.o
                0x02008e1c                tools___elabb
                0x02008da8                tools__execution_time
                0x02008cf8                tools__finishing_notice
                0x02008c48                tools__starting_notice
                0x02008604                tools___elabs
                0x020088f0                tools__print_an_integer
                0x02008aa8                tools__print_a_float
                0x02008650                tools__current_time
 .text          0x02008e4c     0x2384 ./tasks.o
                0x0200ac14                tasks__riesgosTKB
                0x0200a550                tasks__displayTKB
                0x02008e4c                tasks___init_proc
                0x02008f44                tasks___init_proc__3
                0x0200a064                tasks__giro_volanteTKB
                0x02008fc0                tasks___init_proc__4
                0x02009af0                tasks__distancia_seguridadTKB
                0x0200b16c                tasks___elabb
                0x02008ec8                tasks___init_proc__2
                0x020090b8                tasks___elabs
                0x0200950c                tasks__cabeza_inclinadaTKB
                0x0200903c                tasks___init_proc__5
 .text          0x0200b1d0      0x5e4 /usr/local/openravenscar/lib/gcc-lib/sparc-ork-elf/2.8.1/adalib/libgnarl.a(a-reatim.o)
                0x0200b1fc                ada__real_time__Oadd__2
                0x0200b3d0                ada__real_time__split
                0x0200b1ec                ada__real_time__Oadd
                0x0200b24c                ada__real_time__Osubtract__4
                0x0200b350                ada__real_time__nanoseconds
                0x0200b2bc                ada__real_time__Odivide__2
                0x0200b278                ada__real_time__Odivide
                0x0200b22c                ada__real_time__Osubtract__2
                0x0200b340                ada__real_time__to_duration
                0x0200b6e8                ada__real_time__time_of
                0x0200b20c                ada__real_time__Oadd__3
                0x0200b3a0                ada__real_time__milliseconds
                0x0200b1d0                ada__real_time__clock
                0x0200b374                ada__real_time__microseconds
                0x0200b21c                ada__real_time__Osubtract
                0x0200b23c                ada__real_time__Osubtract__3
                0x0200b348                ada__real_time__to_time_span
                0x0200b314                ada__real_time__Omultiply__2
                0x0200b2e8                ada__real_time__Omultiply
 .text          0x0200b7b4       0x68 /usr/local/openravenscar/lib/gcc-lib/sparc-ork-elf/2.8.1/adalib/libgnarl.a(a-retide.o)
                0x0200b7f8                ada__real_time__delays__to_duration
                0x0200b7b4                ada__real_time__delays__delay_until
 .text          0x0200b81c      0x10c /usr/local/openravenscar/lib/gcc-lib/sparc-ork-elf/2.8.1/adalib/libgnarl.a(s-taprob.o)
                0x0200b908                system__tasking__protected_objects___init_proc
                0x0200b8d8                system__tasking__protected_objects__unlock
                0x0200b848                system__tasking__protected_objects__lock
                0x0200b914                system__tasking__protected_objects___init_proc__2
                0x0200b81c                system__tasking__protected_objects__initialize_protection
                0x0200b890                system__tasking__protected_objects__lock_read_only
                0x0200b8f0                system__tasking__protected_objects__finalize_protection
 .text          0x0200b928      0x978 /usr/local/openravenscar/lib/gcc-lib/sparc-ork-elf/2.8.1/adalib/libgnarl.a(s-taprop.o)
                0x0200bba8                system__task_primitives__operations__get_priority
                0x0200ba20                system__task_primitives__operations__unlock__2
                0x0200bd80                system__task_primitives__operations__check_no_locks
                0x0200b9a4                system__task_primitives__operations__write_lock
                0x0200bde0                system__task_primitives__operations__resume_task
                0x0200be60                system__task_primitives__operations___elabb
                0x0200baec                system__task_primitives__operations__clock
                0x0200b9c0                system__task_primitives__operations__write_lock__2
                0x0200b960                system__task_primitives__operations__get_thread_id
                0x0200ba74                system__task_primitives__operations__timed_delay
                0x0200bb88                system__task_primitives__operations__set_priority
                0x0200ba50                system__task_primitives__operations__timed_sleep
                0x0200b944                system__task_primitives__operations__self
                0x0200ba38                system__task_primitives__operations__sleep
                0x0200bd64                system__task_primitives__operations__set_exit_task_procedure
                0x0200ba0c                system__task_primitives__operations__unlock
                0x0200bd98                system__task_primitives__operations__environment_task
                0x0200b96c                system__task_primitives__operations__initialize_lock
                0x0200c094                system__task_primitives__operations___init_proc
                0x0200bd48                system__task_primitives__operations__exit_task
                0x0200bb10                system__task_primitives__operations__wakeup
                0x0200b928                system__task_primitives__operations__set
                0x0200bd70                system__task_primitives__operations__abort_task
                0x0200bda4                system__task_primitives__operations__lock_all_tasks_list
                0x0200b9d8                system__task_primitives__operations__write_lock__3
                0x0200bd38                system__task_primitives__operations__finalize_tcb
                0x0200bc24                system__task_primitives__operations__new_atcb
                0x0200bdd8                system__task_primitives__operations__suspend_task
                0x0200bb24                system__task_primitives__operations__yield
                0x0200bdc0                system__task_primitives__operations__unlock_all_tasks_list
                0x0200bde8                system__task_primitives__operations__initialize
                0x0200bd78                system__task_primitives__operations__check_exit
                0x0200bc9c                system__task_primitives__operations__initialize_tcb
                0x0200b958                system__task_primitives__operations__stack_guard
                0x0200b99c                system__task_primitives__operations__finalize_lock
                0x0200bd40                system__task_primitives__operations__default_exit_task_procedure
                0x0200bcd8                system__task_primitives__operations__create_task
                0x0200b984                system__task_primitives__operations__initialize_lock__2
                0x0200b9f0                system__task_primitives__operations__read_lock
                0x0200bbc0                system__task_primitives__operations__enter_task
 .text          0x0200c2a0      0x924 /usr/local/openravenscar/lib/gcc-lib/sparc-ork-elf/2.8.1/adalib/libgnarl.a(s-tarest.o)
                0x0200c514                system__tasking__restricted__stages__create_restricted_task
                0x0200ca14                system__tasking__restricted__stages__restricted_terminated
                0x0200c724                system__tasking__restricted__stages__activate_restricted_tasks
                0x0200c8e4                system__tasking__restricted__stages__complete_restricted_activation
                0x0200ca28                system__tasking__restricted__stages__finalize_global_tasks
                0x0200ca7c                system__tasking__restricted__stages___elabb
                0x0200c9b4                system__tasking__restricted__stages__complete_restricted_task
 .text          0x0200cbc4      0xf44 /usr/local/openravenscar/lib/gcc-lib/sparc-ork-elf/2.8.1/adalib/libgnarl.a(s-tasdeb.o)
                0x0200d83c                system__tasking__debug__image
                0x0200dae0                system__tasking__debug___init_proc__2
                0x0200d518                system__tasking__debug__print_current_task
                0x0200d78c                system__tasking__debug__trace__2
                0x0200cbc4                system__tasking__debug___elabs
                0x0200d534                system__tasking__debug__list_tasks
                0x0200d9e4                system__tasking__debug__resume_all_tasks
                0x0200cc3c                system__tasking__debug__set_user_state
                0x0200d364                system__tasking__debug__print_task_info_header
                0x0200daa0                system__tasking__debug___init_proc
                0x0200cc28                system__tasking__debug__self
                0x0200da1c                system__tasking__debug___elabb
                0x0200d574                system__tasking__debug__print_accept_info
                0x0200d828                system__tasking__debug__set_trace
                0x0200d638                system__tasking__debug__trace
                0x0200d7c0                system__tasking__debug__trace__3
                0x0200d7f4                system__tasking__debug__trace__4
                0x0200cf24                system__tasking__debug__print_task_info
                0x0200cc20                system__tasking__debug__task_termination_hook
                0x0200cc18                system__tasking__debug__task_creation_hook
                0x0200d9ac                system__tasking__debug__suspend_all_tasks
 .text          0x0200db08      0x75c /usr/local/openravenscar/lib/gcc-lib/sparc-ork-elf/2.8.1/adalib/libgnarl.a(s-taskin.o)
                0x0200df1c                system__tasking___init_proc__3
                0x0200e1c4                system__tasking___init_proc__8
                0x0200e184                system__tasking___init_proc__7
                0x0200db08                system__tasking__self
                0x0200dee4                system__tasking___init_proc__2
                0x0200dc44                system__tasking___elabb
                0x0200df98                system__tasking___init_proc__4
                0x0200e1d0                system__tasking___init_proc__9
                0x0200de90                system__tasking___init_proc
                0x0200dfec                system__tasking___init_proc__6
                0x0200db1c                system__tasking__initialize_atcb
                0x0200dfa4                system__tasking___init_proc__5
 .text          0x0200e264       0x14 /usr/local/openravenscar/lib/gcc-lib/sparc-ork-elf/2.8.1/adalib/libgnarl.a(s-taspri.o)
                0x0200e264                system__task_primitives___init_proc
 .text          0x0200e278      0x1f0 /usr/local/openravenscar/lib/gcc-lib/sparc-ork-elf/2.8.1/adalib/libgnarl.a(kernel-interrupts.o)
                0x0200e340                kernel_detach_interrupt_handler
                0x0200e388                kernel__interrupts___elabb
                0x0200e278                kernel__interrupts__null_handler
                0x0200e280                kernel__interrupts__wrapper
                0x0200e368                kernel_current_interrupt_handler
                0x0200e2e0                kernel_attach_interrupt_handler
                0x0200e40c                kernel__interrupts___init_proc__2
                0x0200e3f4                kernel__interrupts___init_proc
 .text          0x0200e468      0x5dc /usr/local/openravenscar/lib/gcc-lib/sparc-ork-elf/2.8.1/adalib/libgnarl.a(kernel-threads.o)
                0x0200e468                kernel__threads___elabs
                0x0200ea08                kernel__threads___init_proc__3
                0x0200e6d8                kernel_yield
                0x0200e7d8                kernel_check_no_mutexes
                0x0200e7e8                kernel_condition_init
                0x0200e638                kernel__threads__set_active_priority
                0x0200e5ec                kernel_set_priority
                0x0200e8ac                kernel_condition_signal
                0x0200e90c                kernel_thread_create
                0x0200e4f4                kernel__threads__default_dummy_task_function
                0x0200e9d4                kernel_thread_self
                0x0200e4a4                kernel__threads__thread_caller
                0x0200e7f0                kernel_condition_wait
                0x0200e504                kernel_initialize
                0x0200e778                kernel_mutex_unlock
                0x0200e720                kernel_mutex_lock
                0x0200e714                kernel_mutex_init
                0x0200e9e4                kernel__threads___elabb
                0x0200e9f4                kernel__threads___init_proc
                0x0200ea00                kernel__threads___init_proc__2
                0x0200e6bc                kernel_get_priority
 .text          0x0200ea44       0x28 /usr/local/openravenscar/lib/gcc-lib/sparc-ork-elf/2.8.1/adalib/libgnarl.a(kernel-threads-atcb.o)
                0x0200ea5c                kernel__threads__atcb___elabb
                0x0200ea4c                kernel__threads__atcb__thread_self_atcb
                0x0200ea44                kernel__threads__atcb__set_atcb
 .text          0x0200ea6c      0x478 /usr/local/openravenscar/lib/gcc-lib/sparc-ork-elf/2.8.1/adalib/libgnarl.a(kernel-threads-queues.o)
                0x0200ec84                kernel__threads__queues__insert_alarm
                0x0200eb28                kernel__threads__queues__insert_at_tail
                0x0200ea84                kernel__threads__queues__insert_at_head
                0x0200ed50                kernel__threads__queues__extract_first_alarm
                0x0200ec38                kernel__threads__queues__get_new_thread_descriptor
                0x0200ee54                kernel__threads__queues___init_proc
                0x0200ebcc                kernel__threads__queues__extract_from_ready
                0x0200ed7c                kernel__threads__queues__get_next_alarm_time
                0x0200edb0                kernel__threads__queues___elabb
                0x0200ec14                kernel__threads__queues__next_running
                0x0200ea78                kernel__threads__queues__environment_thread_id
                0x0200ea6c                kernel__threads__queues__dummy_thread_id
 .text          0x0200eee4      0x108 /usr/local/openravenscar/lib/gcc-lib/sparc-ork-elf/2.8.1/adalib/libgnarl.a(kernel-threads-protection.o)
                0x0200ef08                kernel__threads__protection__leave_kernel
                0x0200eee4                kernel__threads__protection__dispatch
                0x0200efdc                kernel__threads__protection___elabb
                0x0200eef4                kernel__threads__protection__enter_kernel
 .text          0x0200efec      0x3c4 /usr/local/openravenscar/lib/gcc-lib/sparc-ork-elf/2.8.1/adalib/libgnarl.a(kernel-time.o)
                0x0200f0a4                kernel_delay_until
                0x0200efec                kernel_clock
                0x0200f370                kernel__time___elabb
 .text          0x0200f3b0       0x9c /usr/local/openravenscar/lib/gcc-lib/sparc-ork-elf/2.8.1/adalib/libgnarl.a(kernel-memory.o)
                0x0200f40c                kernel__memory___elabb
                0x0200f3b8                kernel_new_stack
                0x0200f3b0                kernel_new_memory_region
 .text          0x0200f44c       0x88 /usr/local/openravenscar/lib/gcc-lib/sparc-ork-elf/2.8.1/adalib/libgnarl.a(kernel-cpu_primitives.o)
                0x0200f44c                kernel__cpu_primitives__context_switch
                0x0200f458                kernel__cpu_primitives__initialize_context
                0x0200f4c4                kernel__cpu_primitives___elabb
 .text          0x0200f4d4       0x44 /usr/local/openravenscar/lib/gcc-lib/sparc-ork-elf/2.8.1/adalib/libgnarl.a(kernel-peripherals-registers.o)
                0x0200f4d4                kernel__peripherals__registers___elabs
 .text          0x0200f518      0x6ac /usr/local/openravenscar/lib/gcc-lib/sparc-ork-elf/2.8.1/adalib/libgnarl.a(kernel-peripherals.o)
                0x0200f528                kernel__peripherals__stop_watch_dog
                0x0200f518                kernel__peripherals__to_vector
                0x0200f544                kernel__peripherals__init_clock
                0x0200fb10                kernel__peripherals___elabb
                0x0200f628                kernel__peripherals__cancel_and_set_alarm
                0x0200f604                kernel__peripherals__init_board
                0x0200f63c                kernel__peripherals__set_alarm
                0x0200f7b0                kernel__peripherals__read_clock
                0x0200f820                kernel__peripherals__clear_alarm_interrupt
                0x0200fa50                kernel__peripherals__uart_send
                0x0200f828                kernel__peripherals__clear_clock_interrupt
                0x0200f964                kernel__peripherals__init_uart
                0x0200f53c                kernel__peripherals__memory_configuration
                0x0200f830                kernel__peripherals__protect_segment
                0x0200f520                kernel__peripherals__priority_of_interrupt
 .text          0x0200fbc4       0xe4 /usr/local/openravenscar/lib/gcc-lib/sparc-ork-elf/2.8.1/adalib/libgnarl.a(kernel-serial_output.o)
                0x0200fc1c                kernel_new_line
                0x0200fc30                kernel_put_line_c
                0x0200fbdc                kernel__serial_output__put__2
                0x0200fbc4                kernel_put_c
                0x0200fc4c                kernel__serial_output__put_line__2
                0x0200fc7c                kernel__serial_output___elabb
 .text          0x0200fca8      0x2dc /usr/local/openravenscar/lib/gcc-lib/sparc-ork-elf/2.8.1/adalib/libgnarl.a(context.o)
                0x0200ff7c                exit_from_context_switch
                0x0200fca8                context_switch
                0x0200fcb4                context_trap
 .text          0x0200ff84      0x60c /usr/local/openravenscar/lib/gcc-lib/sparc-ork-elf/2.8.1/adalib/libgnarl.a(install_handler.o)
                0x0201003c                set_next_running
                0x0200ff84                enable_traps
                0x0200ffe8                install_trap_handler
                0x0200ff98                install_int_handler
 .text          0x02010590       0x34 /usr/local/openravenscar/lib/gcc-lib/sparc-ork-elf/2.8.1/adalib/libgnarl.a(int_level.o)
                0x02010590                disable_interrupts
                0x020105a8                enable_interrupts
 .text          0x020105c4     0x25c0 /usr/local/openravenscar/lib/gcc-lib/sparc-ork-elf/2.8.1/adalib/libgnat.a(a-except.o)
                0x02011e2c                ada__exceptions__sdp_table_sort_move
                0x02011f8c                ada__exceptions__string_to_eid
                0x02011648                __gnat_raise_nodefer_with_msg
                0x020107f4                ada__exceptions__current_target_exception
                0x020117c0                ada__exceptions__raise_from_signal_handler
                0x02010644                ada__exceptions__address_image
                0x02011a44                ada__exceptions__save_occurrence
                0x02012628                __gnat_notify_exception
                0x02011308                ada__exceptions__propagate_exception
                0x0201117c                ada__exceptions__exception_name_simple
                0x02011998                __gnat_reraise
                0x02011728                __gnat_raise_exception
                0x020105c4                ada__exceptions___elabs
                0x0201074c                __gnat_break_start
                0x02010738                ada__exceptions__allocate_machine_state
                0x02010818                ada__exceptions__deallocate_machine_state
                0x02010acc                ada__exceptions__exception_information
                0x020118f8                __gnat_raise_storage_error
                0x02010888                ada__exceptions__eo_to_string
                0x02011d90                ada__exceptions__sdp_table_sort_lt
                0x02012a9c                ada__exceptions__raise_exception_no_defer
                0x02011088                ada__exceptions__exception_name__2
                0x02012b44                ada__exceptions__zzz
                0x02010634                ada__exceptions__poll
                0x02011918                ada__exceptions__raise_with_c_msg
                0x020126bc                ada__exceptions__unhandled_exception_terminate
                0x0201082c                ada__exceptions__eid_to_string
                0x02011ad8                ada__exceptions__save_occurrence__2
                0x02011884                ada__exceptions__raise_with_location
                0x0201185c                ada__exceptions__raise_no_msg
                0x02010fc4                ada__exceptions__exception_message
                0x02011e5c                ada__exceptions__set_exception_c_msg
                0x020120b4                ada__exceptions__string_to_eo
                0x020118b8                __gnat_raise_constraint_error
                0x020119d0                ada__exceptions__reraise_occurrence
                0x02012b4c                ada__exceptions___elabb
                0x02012b74                ada__exceptions___init_proc
                0x0201114c                ada__exceptions__exception_name
                0x0201063c                ada__exceptions__aaa
                0x02011a18                ada__exceptions__reraise_occurrence_no_defer
                0x020108e8                ada__exceptions__exception_identity
                0x02011b04                __gnat_SDP_Table_Build
                0x02012620                __gnat_unhandled_exception
                0x02010754                ada__exceptions__call_chain
                0x0201194c                __gnat_raise_with_msg
                0x020118d8                __gnat_raise_program_error
 .text          0x02012b84      0x2ec /usr/local/openravenscar/lib/gcc-lib/sparc-ork-elf/2.8.1/adalib/libgnat.a(a-filico.o)
                0x02012bd0                ada__finalization__list_controller___deep_finalize__2
                0x02012e3c                ada__finalization__list_controller___init_proc__2
                0x02012e00                ada__finalization__list_controller__finalize
                0x02012bc0                ada__finalization__list_controller___size__2
                0x02012e18                ada__finalization__list_controller___init_proc
                0x02012dcc                ada__finalization__list_controller__finalize__2
                0x02012bfc                ada__finalization__list_controller___elabs
                0x02012b84                ada__finalization__list_controller___size
                0x02012db4                ada__finalization__list_controller__initialize__2
                0x02012b94                ada__finalization__list_controller___deep_finalize
 .text          0x02012e70      0x560 /usr/local/openravenscar/lib/gcc-lib/sparc-ork-elf/2.8.1/adalib/libgnat.a(a-finali.o)
                0x020130d0                ada__finalization___size__4
                0x02013350                ada__finalization__initialize
                0x02013368                ada__finalization__Oeq__2
                0x02013390                ada__finalization___init_proc
                0x02012e98                ada__finalization___write__3
                0x02013388                ada__finalization__finalize__2
                0x02012e70                ada__finalization___size__3
                0x02012e80                ada__finalization___read__3
                0x02013358                ada__finalization__adjust
                0x020133b0                ada__finalization___init_proc__2
                0x0201310c                ada__finalization___elabs
                0x02013360                ada__finalization__finalize
                0x0201307c                ada__finalization___deep_adjust
                0x02013380                ada__finalization__initialize__2
                0x02012eb0                ada__finalization___assign__3
                0x020130a4                ada__finalization___deep_finalize
                0x020130e0                ada__finalization___deep_finalize__2
 .text          0x020133d0       0x6c /usr/local/openravenscar/lib/gcc-lib/sparc-ork-elf/2.8.1/adalib/libgnat.a(a-ioexce.o)
                0x020133d0                ada__io_exceptions___elabs
 .text          0x0201343c     0x1e98 /usr/local/openravenscar/lib/gcc-lib/sparc-ork-elf/2.8.1/adalib/libgnat.a(a-nuelfu.o)
                0x02014ef8                ada__numerics__elementary_functions__sinh
                0x02013d80                ada__numerics__elementary_functions__arcsin
                0x02013b68                ada__numerics__elementary_functions__arccosh
                0x02013fac                ada__numerics__elementary_functions__arcsinh
                0x0201343c                ada__numerics__elementary_functions__Oexpon
                0x02013c7c                ada__numerics__elementary_functions__arccoth
                0x02013c60                ada__numerics__elementary_functions__arccot__2
                0x02013e54                ada__numerics__elementary_functions__arcsin__2
                0x020141dc                ada__numerics__elementary_functions__arctan__2
                0x020139fc                ada__numerics__elementary_functions__arccos__2
                0x020144dc                ada__numerics__elementary_functions__cos
                0x02015004                ada__numerics__elementary_functions__sqrt
                0x02015110                ada__numerics__elementary_functions__tan__2
                0x02014dfc                ada__numerics__elementary_functions__sin__2
                0x02014c8c                ada__numerics__elementary_functions__log__2
                0x020146e0                ada__numerics__elementary_functions__cot__2
                0x02015240                ada__numerics__elementary_functions__tanh
                0x02014848                ada__numerics__elementary_functions__coth
                0x02014bd0                ada__numerics__elementary_functions__log
                0x0201458c                ada__numerics__elementary_functions__cosh
                0x02013c48                ada__numerics__elementary_functions__arccot
                0x020140cc                ada__numerics__elementary_functions__arctan
                0x02014db4                ada__numerics__elementary_functions__sin
                0x020138fc                ada__numerics__elementary_functions__arccos
                0x02014548                ada__numerics__elementary_functions__cos__2
                0x02015088                ada__numerics__elementary_functions__tan
                0x0201493c                ada__numerics__elementary_functions__exp
                0x02014638                ada__numerics__elementary_functions__cot
                0x02014350                ada__numerics__elementary_functions__arctanh
 .text          0x020152d4       0x18 /usr/local/openravenscar/lib/gcc-lib/sparc-ork-elf/2.8.1/adalib/libgnat.a(a-numeri.o)
                0x020152d4                ada__numerics___elabs
 .text          0x020152ec       0xc0 /usr/local/openravenscar/lib/gcc-lib/sparc-ork-elf/2.8.1/adalib/libgnat.a(a-stream.o)
                0x02015304                ada__streams___elabs
                0x020152fc                ada__streams___deep_finalize
                0x020152ec                ada__streams___size
                0x0201539c                ada__streams___init_proc
 .text          0x020153ac      0x934 /usr/local/openravenscar/lib/gcc-lib/sparc-ork-elf/2.8.1/adalib/libgnat.a(a-tags.o)
                0x02015a14                ada__tags__length
                0x02015c80                ada__tags___init_proc
                0x02015520                ada__tags__external_tag_htable__removeXn
                0x02015b38                ada__tags__get_rc_offset
                0x02015c54                ada__tags__set_remotely_callable
                0x02015c1c                ada__tags__set_prim_op_address
                0x02015bfc                ada__tags__register_tag
                0x02015b9c                ada__tags__inherit_tsd
                0x020153ac                ada__tags___elabs
                0x02015b14                ada__tags__get_expanded_name
                0x02015c30                ada__tags__set_expanded_name
                0x02015b44                ada__tags__get_remotely_callable
                0x0201573c                ada__tags__expanded_name
                0x020153c4                ada__tags__external_tag_htable__getXn
                0x02015b2c                ada__tags__get_inheritance_depth
                0x02015b5c                ada__tags__get_tsd
                0x02015618                ada__tags__external_tag_htable__setXn
                0x02015ad4                ada__tags__cw_membership
                0x02015b64                ada__tags__inherit_dt
                0x0201546c                ada__tags__external_tag_htable__get_nextXn
                0x02015844                ada__tags__get_external_tag
                0x02015868                ada__tags__internal_tag
                0x02015c88                ada__tags___init_proc__2
                0x02015a70                ada__tags___elabb
                0x02015c28                ada__tags__set_tsd
                0x02015c3c                ada__tags__set_external_tag
                0x0201568c                ada__tags__get_ht_link
                0x02015a48                ada__tags__parent_size
                0x02015654                ada__tags__equal
                0x02015438                ada__tags__external_tag_htable__get_firstXn
                0x02015c10                ada__tags__set_inheritance_depth
                0x020157c0                ada__tags__external_tag
                0x020154a8                ada__tags__external_tag_htable__get_non_nullXn
                0x02015b20                ada__tags__get_prim_op_address
                0x02015c48                ada__tags__set_rc_offset
                0x020156f8                ada__tags__hash
                0x020155d8                ada__tags__external_tag_htable__resetXn
                0x02015730                ada__tags__set_ht_link
                0x02015c94                ada__tags__external_tag_htable___init_procXn
 .text          0x02015ce0      0x25c /usr/local/openravenscar/lib/gcc-lib/sparc-ork-elf/2.8.1/adalib/libgnat.a(g-except.o)
                0x02015e2c                gnat__exceptions___deep_finalize
                0x02015cf8                gnat__exceptions___write
                0x02015d34                gnat__exceptions___output
                0x02015d54                gnat__exceptions___assign
                0x02015d00                gnat__exceptions___input
                0x02015e34                gnat__exceptions___elabs
                0x02015cf0                gnat__exceptions___read
                0x02015ce0                gnat__exceptions___size
                0x02015f2c                gnat__exceptions___init_proc
                0x02015d4c                gnat__exceptions__Oeq
                0x02015e24                gnat__exceptions___deep_adjust
 .text          0x02015f3c      0x174 /usr/local/openravenscar/lib/gcc-lib/sparc-ork-elf/2.8.1/adalib/libgnat.a(g-hesora.o)
                0x0201600c                gnat__heap_sort_a__sort
 .text          0x020160b0      0xc6c /usr/local/openravenscar/lib/gcc-lib/sparc-ork-elf/2.8.1/adalib/libgnat.a(i-c.o)
                0x020169c0                interfaces__c__to_c__4
                0x02016500                interfaces__c__to_ada__6
                0x02016114                interfaces__c__is_nul_terminated__2
                0x02016164                interfaces__c__to_ada
                0x0201616c                interfaces__c__to_ada__2
                0x02016628                interfaces__c__to_c
                0x020160c8                interfaces__c__is_nul_terminated
                0x02016b74                interfaces__c__to_c__6
                0x020162a0                interfaces__c__to_ada__3
                0x020160b0                interfaces__c___elabs
                0x02016828                interfaces__c__to_c__3
                0x020163c0                interfaces__c__to_ada__5
                0x020169c8                interfaces__c__to_c__5
                0x02016630                interfaces__c__to_c__2
                0x020163b8                interfaces__c__to_ada__4
 .text          0x02016d1c     0x13b4 /usr/local/openravenscar/lib/gcc-lib/sparc-ork-elf/2.8.1/adalib/libgnat.a(s-arit64.o)
                0x02016e58                system__arith_64__hi
                0x02017400                system__arith_64__scaled_divide
                0x020173d0                system__arith_64__raise_error
                0x02016dd0                system__arith_64__Odivide
                0x02016d44                system__arith_64__Oadd__2
                0x02017ffc                system__arith_64__subtract_with_ovflo_check
                0x02016d74                system__arith_64__Omultiply
                0x02016e68                system__arith_64__lo
                0x02016da4                system__arith_64__Omultiply__2
                0x02016edc                system__arith_64__double_divide
                0x020171cc                system__arith_64__multiply_with_ovflo_check
                0x020180b0                system__arith_64__to_pos_int
                0x02016d1c                system__arith_64__Oadd
                0x02016e28                system__arith_64__Oconcat
                0x02018078                system__arith_64__to_neg_int
                0x02016dfc                system__arith_64__Orem
                0x02016e70                system__arith_64__add_with_ovflo_check
                0x02016d5c                system__arith_64__Osubtract
 .text          0x020180d0      0x16c /usr/local/openravenscar/lib/gcc-lib/sparc-ork-elf/2.8.1/adalib/libgnat.a(s-except.o)
                0x020180f4                system__exceptions___init_proc
                0x020180d0                system__exceptions___elabs
                0x0201819c                system__exceptions___init_proc__4
                0x0201813c                system__exceptions___init_proc__3
                0x020181dc                system__exceptions___init_proc__5
                0x020180fc                system__exceptions___init_proc__2
 .text          0x0201823c      0x54c /usr/local/openravenscar/lib/gcc-lib/sparc-ork-elf/2.8.1/adalib/libgnat.a(s-exctab.o)
                0x02018550                system__exception_table__get_key
                0x020182e4                system__exception_table__exception_htable__get_nextXn
                0x02018518                system__exception_table__equal
                0x02018490                system__exception_table__exception_htable__setXn
                0x0201873c                system__exception_table__exception_htable___init_procXn
                0x0201823c                system__exception_table__exception_htable__getXn
                0x020184d4                system__exception_table__get_ht_link
                0x02018450                system__exception_table__exception_htable__resetXn
                0x020184cc                system__exception_table__set_ht_link
                0x02018558                system__exception_table__internal_exception
                0x02018320                system__exception_table__exception_htable__get_non_nullXn
                0x020184dc                system__exception_table__hash
                0x020182b0                system__exception_table__exception_htable__get_firstXn
                0x0201868c                system__exception_table___elabb
                0x02018678                system__exception_table__register_exception
                0x02018398                system__exception_table__exception_htable__removeXn
 .text          0x02018788      0x1c4 /usr/local/openravenscar/lib/gcc-lib/sparc-ork-elf/2.8.1/adalib/libgnat.a(s-exnflt.o)
                0x02018788                system__exn_flt__exn_float
 .text          0x0201894c      0xb2c /usr/local/openravenscar/lib/gcc-lib/sparc-ork-elf/2.8.1/adalib/libgnat.a(s-fatflt.o)
                0x02019300                system__fat_flt__fat_float__truncation
                0x02018a90                system__fat_flt__fat_float__decompose
                0x02018e24                system__fat_flt__fat_float__model
                0x02018d2c                system__fat_flt__fat_float__floor
                0x02018e38                system__fat_flt__fat_float__pred
                0x02019100                system__fat_flt__fat_float__scaling
                0x02018db4                system__fat_flt__fat_float__leading_part
                0x020193b0                system__fat_flt__fat_float__unbiased_rounding
                0x020189a4                system__fat_flt__fat_float__ceiling
                0x02018a04                system__fat_flt__fat_float__compose
                0x02018d04                system__fat_flt__fat_float__exponent
                0x02018d8c                system__fat_flt__fat_float__fraction
                0x02018c7c                system__fat_flt__fat_float__gradual_scaling
                0x02018ef0                system__fat_flt__fat_float__remainder
                0x02019078                system__fat_flt__fat_float__rounding
                0x0201894c                system__fat_flt__fat_float__adjacent
                0x02019218                system__fat_flt__fat_float__succ
                0x02019458                system__fat_flt__fat_float__valid
                0x02018a34                system__fat_flt__fat_float__copy_sign
                0x02018e10                system__fat_flt__fat_float__machine
 .text          0x02019478     0x13dc /usr/local/openravenscar/lib/gcc-lib/sparc-ork-elf/2.8.1/adalib/libgnat.a(s-finimp.o)
                0x0201a698                system__finalization_implementation__deep_tag_attach
                0x020196a4                system__finalization_implementation___read__2
                0x02019cf8                system__finalization_implementation__detach_from_final_list
                0x0201953c                system__finalization_implementation___output
                0x0201a154                system__finalization_implementation__finalize_list
                0x02019770                system__finalization_implementation__Oeq__2
                0x0201a824                system__finalization_implementation___init_proc__2
                0x0201959c                system__finalization_implementation___assign
                0x0201a750                system__finalization_implementation__initialize__2
                0x02019b5c                system__finalization_implementation__attach_to_final_list
                0x0201a4fc                system__finalization_implementation__deep_tag_adjust
                0x020197b8                system__finalization_implementation___assign__2
                0x02019554                system__finalization_implementation__Oeq
                0x020194e4                system__finalization_implementation___input
                0x020194c0                system__finalization_implementation___write
                0x0201a40c                system__finalization_implementation__deep_tag_initialize
                0x0201a748                system__finalization_implementation__initialize
                0x0201a800                system__finalization_implementation___init_proc
                0x020196c8                system__finalization_implementation___write__2
                0x020198b8                system__finalization_implementation___elabs
                0x02019758                system__finalization_implementation___output__2
                0x020196ec                system__finalization_implementation___input__2
                0x02019488                system__finalization_implementation___read
                0x0201a2c0                system__finalization_implementation__finalize_one
                0x0201a5c8                system__finalization_implementation__deep_tag_finalize
                0x0201a298                system__finalization_implementation__finalize_global_list
                0x0201a7ec                system__finalization_implementation__finalize
                0x02019694                system__finalization_implementation___size__2
                0x0201a7b8                system__finalization_implementation__adjust__2
                0x02019478                system__finalization_implementation___size
 .text          0x0201a854      0x658 /usr/local/openravenscar/lib/gcc-lib/sparc-ork-elf/2.8.1/adalib/libgnat.a(s-finroo.o)
                0x0201a854                system__finalization_root___size
                0x0201ae88                system__finalization_root___init_proc__2
                0x0201a864                system__finalization_root___read
                0x0201ab9c                system__finalization_root___elabs
                0x0201aa54                system__finalization_root__Oeq__2
                0x0201a9e4                system__finalization_root___input__2
                0x0201a86c                system__finalization_root___write
                0x0201a87c                system__finalization_root___assign
                0x0201ae48                system__finalization_root__finalize
                0x0201aa3c                system__finalization_root___output__2
                0x0201ade8                system__finalization_root__initialize
                0x0201a874                system__finalization_root__Oeq
                0x0201a95c                system__finalization_root___read__2
                0x0201a9b4                system__finalization_root___write__2
                0x0201a94c                system__finalization_root___size__2
                0x0201ae18                system__finalization_root__adjust
                0x0201aaac                system__finalization_root___assign__2
                0x0201ae78                system__finalization_root___init_proc
 .text          0x0201aeac      0x1b4 /usr/local/openravenscar/lib/gcc-lib/sparc-ork-elf/2.8.1/adalib/libgnat.a(s-imgint.o)
                0x0201afe8                system__img_int__set_image_integer
                0x0201aeac                system__img_int__image_integer
 .text          0x0201b060      0xbc8 /usr/local/openravenscar/lib/gcc-lib/sparc-ork-elf/2.8.1/adalib/libgnat.a(s-imgrea.o)
                0x0201b060                system__img_real__image_ordinary_fixed_point
                0x0201b74c                system__img_real__set_image_real
                0x0201b134                system__img_real__image_floating_point
 .text          0x0201bc28      0x160 /usr/local/openravenscar/lib/gcc-lib/sparc-ork-elf/2.8.1/adalib/libgnat.a(s-imguns.o)
                0x0201bc28                system__img_uns__image_unsigned
                0x0201bd48                system__img_uns__set_image_unsigned
 .text          0x0201bd88       0x40 /usr/local/openravenscar/lib/gcc-lib/sparc-ork-elf/2.8.1/adalib/libgnat.a(s-mastop.o)
                0x0201bda0                system__machine_state_operations__get_code_loc
                0x0201bd88                system__machine_state_operations__allocate_machine_state
                0x0201bdc0                system__machine_state_operations__set_signal_machine_state
                0x0201bd98                system__machine_state_operations__free_machine_state
                0x0201bda8                system__machine_state_operations__machine_state_length
                0x0201bd90                system__machine_state_operations__enter_handler
                0x0201bdb8                system__machine_state_operations__set_machine_state
                0x0201bdb0                system__machine_state_operations__pop_frame
 .text          0x0201bdc8       0x50 /usr/local/openravenscar/lib/gcc-lib/sparc-ork-elf/2.8.1/adalib/libgnat.a(s-parame.o)
                0x0201bdd0                system__parameters__minimum_stack_size
                0x0201bdd8                system__parameters__adjust_storage_size
                0x0201bdc8                system__parameters__default_stack_size
 .text          0x0201be18      0x314 /usr/local/openravenscar/lib/gcc-lib/sparc-ork-elf/2.8.1/adalib/libgnat.a(s-secsta.o)
                0x0201c124                system__secondary_stack___init_proc__2
                0x0201c0c8                system__secondary_stack___elabb
                0x0201be18                system__secondary_stack__ss_allocate
                0x0201c00c                system__secondary_stack__ss_free
                0x0201c0a8                system__secondary_stack__ss_release
                0x0201c088                system__secondary_stack__ss_mark
                0x0201c110                system__secondary_stack___init_proc
                0x0201bfa8                system__secondary_stack__ss_init
 .text          0x0201c12c      0x1fc /usr/local/openravenscar/lib/gcc-lib/sparc-ork-elf/2.8.1/adalib/libgnat.a(s-sopco3.o)
                0x0201c12c                system__string_ops_concat_3__str_concat_3
 .text          0x0201c328      0x1e4 /usr/local/openravenscar/lib/gcc-lib/sparc-ork-elf/2.8.1/adalib/libgnat.a(s-stache.o)
                0x0201c328                system__stack_checking___elabs
                0x0201c340                _gnat_stack_check
                0x0201c4c4                system__stack_checking__set_stack_size
                0x0201c4fc                system__stack_checking___init_proc
                0x0201c3cc                system__stack_checking__invalidate_stack_cache
                0x0201c4ec                system__stack_checking__update_stack_cache
 .text          0x0201c50c       0x28 /usr/local/openravenscar/lib/gcc-lib/sparc-ork-elf/2.8.1/adalib/libgnat.a(s-stalib.o)
                0x0201c50c                system__standard_library__abort_undefer_direct
                0x0201c528                system__standard_library___init_proc
 .text          0x0201c534       0x64 /usr/local/openravenscar/lib/gcc-lib/sparc-ork-elf/2.8.1/adalib/libgnat.a(s-stoele.o)
                0x0201c554                system__storage_elements__Omod
                0x0201c588                system__storage_elements__to_address
                0x0201c53c                system__storage_elements__Oadd__2
                0x0201c544                system__storage_elements__Osubtract
                0x0201c534                system__storage_elements__Oadd
                0x0201c590                system__storage_elements__to_integer
                0x0201c54c                system__storage_elements__Osubtract__2
 .text          0x0201c598     0x102c /usr/local/openravenscar/lib/gcc-lib/sparc-ork-elf/2.8.1/adalib/libgnat.a(s-stratt.o)
                0x0201ccb0                system__stream_attributes__i_si
                0x0201cf68                system__stream_attributes__w_ad
                0x0201c6a0                system__stream_attributes__i_b
                0x0201d05c                system__stream_attributes__w_c
                0x0201c878                system__stream_attributes__i_lf
                0x0201cc28                system__stream_attributes__i_sf
                0x0201d4e4                system__stream_attributes__w_su
                0x0201c704                system__stream_attributes__i_c
                0x0201c9a8                system__stream_attributes__i_llf
                0x0201cdf0                system__stream_attributes__i_su
                0x0201caf8                system__stream_attributes__i_llu
                0x0201d3e0                system__stream_attributes__w_sf
                0x0201ce68                system__stream_attributes__i_u
                0x0201d580                system__stream_attributes__w_wc
                0x0201c598                system__stream_attributes__i_ad
                0x0201d528                system__stream_attributes__w_u
                0x0201d388                system__stream_attributes__w_lu
                0x0201d028                system__stream_attributes__w_b
                0x0201d290                system__stream_attributes__w_lli
                0x0201cd8c                system__stream_attributes__i_ssu
                0x0201c920                system__stream_attributes__i_li
                0x0201d47c                system__stream_attributes__w_ssi
                0x0201d438                system__stream_attributes__w_si
                0x0201d140                system__stream_attributes__w_lf
                0x0201cd28                system__stream_attributes__i_ssi
                0x0201c768                system__stream_attributes__i_f
                0x0201d1bc                system__stream_attributes__w_li
                0x0201cfd8                system__stream_attributes__w_as
                0x0201d0e8                system__stream_attributes__w_i
                0x0201c7f0                system__stream_attributes__i_i
                0x0201ca50                system__stream_attributes__i_lli
                0x0201cef0                system__stream_attributes__i_wc
                0x0201d214                system__stream_attributes__w_llf
                0x0201d4b0                system__stream_attributes__w_ssu
                0x0201c610                system__stream_attributes__i_as
                0x0201d090                system__stream_attributes__w_f
                0x0201d30c                system__stream_attributes__w_llu
                0x0201cba0                system__stream_attributes__i_lu
 .text          0x0201d5c4      0x5b8 /usr/local/openravenscar/lib/gcc-lib/sparc-ork-elf/2.8.1/adalib/libgnat.a(s-strops.o)
                0x0201d9e8                system__string_ops__str_equal
                0x0201d8c0                system__string_ops__str_concat_sc
                0x0201daf8                system__string_ops__str_normalize
                0x0201d5c4                system__string_ops__str_concat
                0x0201d7e4                system__string_ops__str_concat_cs
                0x0201db38                system__string_ops__wide_str_normalize
                0x0201d784                system__string_ops__str_concat_cc
 .text          0x0201db7c      0x298 /usr/local/openravenscar/lib/gcc-lib/sparc-ork-elf/2.8.1/adalib/libgnat.a(s-soflin.o)
                0x0201dce0                system__soft_links__set_jmpbuf_address_soft
                0x0201dc4c                system__soft_links__get_stack_info_nt
                0x0201dda8                system__soft_links___elabb
                0x0201dc40                system__soft_links__get_current_excep_nt
                0x0201dd50                system__soft_links__set_exc_stack_addr_soft
                0x0201db7c                system__soft_links__abort_defer_nt
                0x0201dbb0                system__soft_links__check_abort_status_nt
                0x0201dbf8                system__soft_links__get_sec_stack_addr_nt
                0x0201dbec                system__soft_links__set_jmpbuf_address_nt
                0x0201dbd0                system__soft_links__task_lock_nt
                0x0201dd8c                system__soft_links__set_machine_state_addr_soft
                0x0201dbc0                system__soft_links__current_master_nt
                0x0201db84                system__soft_links__abort_handler_nt
                0x0201dc7c                system__soft_links__destroy_tsd
                0x0201dd34                system__soft_links__get_exc_stack_addr_soft
                0x0201dbe0                system__soft_links__get_jmpbuf_address_nt
                0x0201db8c                system__soft_links__abort_undefer_nt
                0x0201dc58                system__soft_links__create_tsd
                0x0201dc1c                system__soft_links__set_machine_state_addr_nt
                0x0201dc04                system__soft_links__set_sec_stack_addr_nt
                0x0201db94                system__soft_links__update_exception_nt
                0x0201dc34                system__soft_links__set_exc_stack_addr_nt
                0x0201dde8                system__soft_links___init_proc
                0x0201dcc4                system__soft_links__get_jmpbuf_address_soft
                0x0201dbc8                system__soft_links__enter_master_nt
                0x0201dd70                system__soft_links__get_machine_state_addr_soft
                0x0201dd18                system__soft_links__set_sec_stack_addr_soft
                0x0201dbd8                system__soft_links__task_unlock_nt
                0x0201dca0                system__soft_links__get_gnat_exception
                0x0201dcfc                system__soft_links__get_sec_stack_addr_soft
                0x0201dbb8                system__soft_links__complete_master_nt
                0x0201dc10                system__soft_links__get_machine_state_addr_nt
                0x0201dc28                system__soft_links__get_exc_stack_addr_nt
 .text          0x0201de14       0x68 /usr/local/openravenscar/lib/gcc-lib/sparc-ork-elf/2.8.1/adalib/libgnat.a(s-traceb.o)
                0x0201de28                system__traceback__get_code_loc
                0x0201de50                system__traceback__pop_frame
                0x0201de3c                system__traceback__free_machine_state
                0x0201de14                system__traceback__allocate_machine_state
                0x0201de68                system__traceback__set_machine_state
 .text          0x0201de7c       0xfc /usr/local/openravenscar/lib/gcc-lib/sparc-ork-elf/2.8.1/adalib/libgnat.a(a-argv.o)
                0x0201df44                fill_env
                0x0201dee8                env_count
                0x0201df24                len_env
                0x0201de7c                arg_count
                0x0201de88                gnat_argval
                0x0201deb4                fill_arg
                0x0201de94                len_arg
 .text          0x0201df78      0x14c /usr/local/openravenscar/lib/gcc-lib/sparc-ork-elf/2.8.1/adalib/libgnat.a(a-cio.o)
                0x0201df98                put_int
                0x0201dfb4                get_char
                0x0201df78                get_int
                0x0201e0a4                put_char_stderr
                0x0201e004                put_char
 .text          0x0201e0c4        0xc /usr/local/openravenscar/lib/gcc-lib/sparc-ork-elf/2.8.1/adalib/libgnat.a(a-exit.o)
                0x0201e0c4                set_gnat_exit_status
 .text          0x0201e0d0      0x1f4 /usr/local/openravenscar/lib/gcc-lib/sparc-ork-elf/2.8.1/adalib/libgnat.a(a-raise.o)
                0x0201e0d0                _gnat_builtin_longjmp
                0x0201e128                __gnat_malloc
                0x0201e1e0                __gnat_free
                0x0201e110                __gnat_unhandled_terminate
                0x0201e21c                __gnat_realloc
 .text          0x0201e2c4      0x410 /usr/local/openravenscar/lib/gcc-lib/sparc-ork-elf/2.8.1/adalib/libgnat.a(a-init.o)
                0x0201e4b8                __gnat_pop_frame
                0x0201e6cc                __gnat_init_float
                0x0201e2c4                __gnat_set_globals
                0x0201e6c4                __gnat_get_code_loc
                0x0201e31c                __gnat_initialize
                0x0201e608                __gnat_enter_handler
                0x0201e6bc                __gnat_machine_state_length
                0x0201e55c                __gnat_set_machine_state
 .text          0x0201e6d4        0x8 /usr/local/openravenscar/lib/gcc-lib/sparc-ork-elf/2.8.1/adalib/libgnat.a(a-final.o)
                0x0201e6d4                __gnat_finalize
 .text          0x0201e6dc      0xc1c /usr/local/openravenscar/lib/gcc-lib/sparc-ork-elf/2.8.1/adalib/libgnat.a(s-fatllf.o)
                0x0201e7e0                system__fat_llf__fat_long_long_float__copy_sign
                0x0201ea50                system__fat_llf__fat_long_long_float__gradual_scaling
                0x0201f224                system__fat_llf__fat_long_long_float__unbiased_rounding
                0x0201eae8                system__fat_llf__fat_long_long_float__exponent
                0x0201e7ac                system__fat_llf__fat_long_long_float__compose
                0x0201eb14                system__fat_llf__fat_long_long_float__floor
                0x0201e6dc                system__fat_llf__fat_long_long_float__adjacent
                0x0201ec40                system__fat_llf__fat_long_long_float__pred
                0x0201eb80                system__fat_llf__fat_long_long_float__fraction
                0x0201ed00                system__fat_llf__fat_long_long_float__remainder
                0x0201ef48                system__fat_llf__fat_long_long_float__scaling
                0x0201e740                system__fat_llf__fat_long_long_float__ceiling
                0x0201e844                system__fat_llf__fat_long_long_float__decompose
                0x0201f070                system__fat_llf__fat_long_long_float__succ
                0x0201ebac                system__fat_llf__fat_long_long_float__leading_part
                0x0201eeb0                system__fat_llf__fat_long_long_float__rounding
                0x0201ec28                system__fat_llf__fat_long_long_float__model
                0x0201f2d0                system__fat_llf__fat_long_long_float__valid
                0x0201f160                system__fat_llf__fat_long_long_float__truncation
                0x0201ec14                system__fat_llf__fat_long_long_float__machine
 .text          0x0201f2f8      0x18c /usr/local/openravenscar/lib/gcc-lib/sparc-ork-elf/2.8.1/adalib/libgnat.a(s-imgllu.o)
                0x0201f2f8                system__img_llu__image_long_long_unsigned
                0x0201f440                system__img_llu__set_image_long_long_unsigned
 .text          0x0201f484      0x894 /usr/local/openravenscar/lib/gcc-lib/sparc-ork-elf/2.8.1/adalib/libgnat.a(a-adaint.o)
                0x0201f614                get_object_suffix_ptr
                0x0201f5c0                Get_Default_Identifier_Character_Set
                0x0201f5a8                Get_Maximum_File_Name_Length
                0x0201f5b8                Get_File_Names_Case_Sensitive
                0x0201f830                file_time_name
                0x0201f5d0                Get_Pathsep_Char
                0x0201f6b0                open_read
                0x0201f5c8                Get_Dirsep_Char
                0x0201f8c8                is_regular_file
                0x0201f5b0                Get_Switch_Character
                0x0201fa7c                locate_regular_file
                0x0201fccc                to_canonical_file_list_next
                0x0201fcf8                to_host_dir_spec
                0x0201f8a8                __gnat_file_exists
                0x0201f79c                __gnat_mkdir
                0x0201fcf0                to_canonical_path_spec
                0x0201f948                is_writable_file
                0x0201f774                open_new_temp
                0x0201f97c                portable_spawn
                0x0201fce0                to_canonical_dir_spec
                0x0201f868                get_env_value_ptr
                0x0201f84c                file_time_fd
                0x0201f828                readdir_is_thread_safe
                0x0201f74c                open_new
                0x0201f484                to_gm_time
                0x0201f4f8                Try_Lock
                0x0201fce8                to_canonical_file_spec
                0x0201fa38                portable_wait
                0x0201fcc4                to_canonical_file_list_init
                0x0201fd10                convert_addresses
                0x0201f648                get_executable_suffix_ptr
                0x0201f908                is_directory
                0x0201f724                open_append
                0x0201f6fc                open_create
                0x0201f6d4                open_rw
                0x0201f7b4                file_length
                0x0201f7f4                readdir_gnat
                0x0201fd08                adjust_os_resource_limits
                0x0201fc08                locate_exec
                0x0201f9f8                portable_no_block_spawn
                0x0201fa68                os_exit
                0x0201f89c                Get_Libraries_From_Registry
                0x0201fcd8                to_canonical_file_list_free
                0x0201f5d8                Get_Current_Dir
                0x0201fd00                to_host_file_spec
                0x0201fc7c                locate_exec_on_path
                0x0201f67c                get_debuggable_suffix_ptr
 .text          0x0201fd18      0x294 /usr/local/openravenscar/sparc-ork-elf/lib/libm.a(s_atan.o)
                0x0201fd18                atan
 .text          0x0201ffac       0xf0 /usr/local/openravenscar/sparc-ork-elf/lib/libm.a(s_cos.o)
                0x0201ffac                cos
 .text          0x0202009c       0x2c /usr/local/openravenscar/sparc-ork-elf/lib/libm.a(s_fabs.o)
                0x0202009c                fabs
 .text          0x020200c8       0xf0 /usr/local/openravenscar/sparc-ork-elf/lib/libm.a(s_sin.o)
                0x020200c8                sin
 .text          0x020201b8       0x9c /usr/local/openravenscar/sparc-ork-elf/lib/libm.a(s_tan.o)
                0x020201b8                tan
 .text          0x02020254      0x134 /usr/local/openravenscar/sparc-ork-elf/lib/libm.a(s_tanh.o)
                0x02020254                tanh
 .text          0x02020388       0xf8 /usr/local/openravenscar/sparc-ork-elf/lib/libm.a(w_acos.o)
                0x02020388                acos
 .text          0x02020480       0xf8 /usr/local/openravenscar/sparc-ork-elf/lib/libm.a(w_asin.o)
                0x02020480                asin
 .text          0x02020578      0x1c0 /usr/local/openravenscar/sparc-ork-elf/lib/libm.a(w_exp.o)
                0x02020578                exp
 .text          0x02020738      0x184 /usr/local/openravenscar/sparc-ork-elf/lib/libm.a(w_log.o)
                0x02020738                log
 .text          0x020208bc      0x60c /usr/local/openravenscar/sparc-ork-elf/lib/libm.a(w_pow.o)
                0x020208bc                pow
 .text          0x02020ec8      0x118 /usr/local/openravenscar/sparc-ork-elf/lib/libm.a(w_sqrt.o)
                0x02020ec8                sqrt
 .text          0x02020fe0      0x3ac /usr/local/openravenscar/sparc-ork-elf/lib/libm.a(e_acos.o)
                0x02020fe0                __ieee754_acos
 .text          0x0202138c      0x340 /usr/local/openravenscar/sparc-ork-elf/lib/libm.a(e_asin.o)
                0x0202138c                __ieee754_asin
 .text          0x020216cc      0x2f0 /usr/local/openravenscar/sparc-ork-elf/lib/libm.a(e_exp.o)
                0x020216cc                __ieee754_exp
 .text          0x020219bc      0x310 /usr/local/openravenscar/sparc-ork-elf/lib/libm.a(e_log.o)
                0x020219bc                __ieee754_log
 .text          0x02021ccc      0x99c /usr/local/openravenscar/sparc-ork-elf/lib/libm.a(e_pow.o)
                0x02021ccc                __ieee754_pow
 .text          0x02022668      0x3d8 /usr/local/openravenscar/sparc-ork-elf/lib/libm.a(e_rem_pio2.o)
                0x02022668                __ieee754_rem_pio2
 .text          0x02022a40      0x264 /usr/local/openravenscar/sparc-ork-elf/lib/libm.a(e_sqrt.o)
                0x02022a40                __ieee754_sqrt
 .text          0x02022ca4      0x17c /usr/local/openravenscar/sparc-ork-elf/lib/libm.a(k_cos.o)
                0x02022ca4                __kernel_cos
 .text          0x02022e20      0x838 /usr/local/openravenscar/sparc-ork-elf/lib/libm.a(k_rem_pio2.o)
                0x02022e20                __kernel_rem_pio2
 .text          0x02023658      0x11c /usr/local/openravenscar/sparc-ork-elf/lib/libm.a(k_sin.o)
                0x02023658                __kernel_sin
 .text          0x02023774      0x2b4 /usr/local/openravenscar/sparc-ork-elf/lib/libm.a(k_tan.o)
                0x02023774                __kernel_tan
 .text          0x02023a28      0x40c /usr/local/openravenscar/sparc-ork-elf/lib/libm.a(s_expm1.o)
                0x02023a28                expm1
 .text          0x02023e34       0x18 /usr/local/openravenscar/sparc-ork-elf/lib/libm.a(s_finite.o)
                0x02023e34                finite
 .text          0x02023e4c      0x1a0 /usr/local/openravenscar/sparc-ork-elf/lib/libm.a(s_floor.o)
                0x02023e4c                floor
 .text          0x02023fec       0x28 /usr/local/openravenscar/sparc-ork-elf/lib/libm.a(s_isnan.o)
                0x02023fec                isnan
 .text          0x02024014        0x8 /usr/local/openravenscar/sparc-ork-elf/lib/libm.a(s_matherr.o)
                0x02024014                matherr
 .text          0x0202401c      0x1c8 /usr/local/openravenscar/sparc-ork-elf/lib/libm.a(s_rint.o)
                0x0202401c                rint
 .text          0x020241e4      0x1d8 /usr/local/openravenscar/sparc-ork-elf/lib/libm.a(s_scalbn.o)
                0x020241e4                scalbn
 .text          0x020243bc       0x40 /usr/local/openravenscar/sparc-ork-elf/lib/libm.a(s_copysign.o)
                0x020243bc                copysign
 .text          0x020243fc        0x8 /usr/local/openravenscar/lib/gcc-lib/sparc-ork-elf/2.8.1/libgcc.a(__dummy.o)
                0x020243fc                __dummy
 .text          0x02024404       0x48 /usr/local/openravenscar/lib/gcc-lib/sparc-ork-elf/2.8.1/libgcc.a(_ashldi3.o)
                0x02024404                __ashldi3
 .text          0x0202444c       0x38 /usr/local/openravenscar/lib/gcc-lib/sparc-ork-elf/2.8.1/libgcc.a(_cmpdi2.o)
                0x0202444c                __cmpdi2
 .text          0x02024484      0x3c0 /usr/local/openravenscar/lib/gcc-lib/sparc-ork-elf/2.8.1/libgcc.a(_divdi3.o)
                0x02024484                __divdi3
 .text          0x02024844      0x1f4 /usr/local/openravenscar/lib/gcc-lib/sparc-ork-elf/2.8.1/libgcc.a(_divsi3.o)
                0x02024844                udiv
                0x02024850                div
 .text          0x02024a38       0x58 /usr/local/openravenscar/lib/gcc-lib/sparc-ork-elf/2.8.1/libgcc.a(_fixsfdi.o)
                0x02024a38                __fixsfdi
 .text          0x02024a90      0x1c0 /usr/local/openravenscar/lib/gcc-lib/sparc-ork-elf/2.8.1/libgcc.a(_fixunsdfdi.o)
                0x02024a90                __fixunsdfdi
 .text          0x02024c50      0x1c8 /usr/local/openravenscar/lib/gcc-lib/sparc-ork-elf/2.8.1/libgcc.a(_fixunssfdi.o)
                0x02024c50                __fixunssfdi
 .text          0x02024e18       0x54 /usr/local/openravenscar/lib/gcc-lib/sparc-ork-elf/2.8.1/libgcc.a(_floatdidf.o)
                0x02024e18                __floatdidf
 .text          0x02024e6c       0xa8 /usr/local/openravenscar/lib/gcc-lib/sparc-ork-elf/2.8.1/libgcc.a(_floatdisf.o)
                0x02024e6c                __floatdisf
 .text          0x02024f14       0x48 /usr/local/openravenscar/lib/gcc-lib/sparc-ork-elf/2.8.1/libgcc.a(_lshrdi3.o)
                0x02024f14                __lshrdi3
 .text          0x02024f5c      0x1f4 /usr/local/openravenscar/lib/gcc-lib/sparc-ork-elf/2.8.1/libgcc.a(_modsi3.o)
                0x02024f5c                urem
                0x02024f68                rem
 .text          0x02025150       0xe0 /usr/local/openravenscar/lib/gcc-lib/sparc-ork-elf/2.8.1/libgcc.a(_muldi3.o)
                0x02025150                __muldi3
 .text          0x02025230       0xe8 /usr/local/openravenscar/lib/gcc-lib/sparc-ork-elf/2.8.1/libgcc.a(_mulsi3.o)
                0x02025230                umul
 .text          0x02025318      0x340 /usr/local/openravenscar/lib/gcc-lib/sparc-ork-elf/2.8.1/libgcc.a(_udivdi3.o)
                0x02025318                __udivdi3
 .text          0x02025658      0x39c /usr/local/openravenscar/lib/gcc-lib/sparc-ork-elf/2.8.1/libgcc.a(_umoddi3.o)
                0x02025658                __umoddi3
 .text          0x020259f4      0xa48 /usr/local/openravenscar/lib/gcc-lib/sparc-ork-elf/2.8.1/libgcc.a(frame.o)
                0x02026318                __frame_state_for
                0x020262b0                __deregister_frame_info
                0x02026288                __register_frame_info_table
                0x02026260                __register_frame_info
 .text          0x0202643c       0x20 /usr/local/openravenscar/sparc-ork-elf/lib/libc.a(abort.o)
                0x0202643c                abort
 .text          0x0202645c       0x1c /usr/local/openravenscar/sparc-ork-elf/lib/libc.a(atoi.o)
                0x0202645c                atoi
 .text          0x02026478        0xc /usr/local/openravenscar/sparc-ork-elf/lib/libc.a(errno.o)
                0x02026478                __errno
 .text          0x02026484       0x8c /usr/local/openravenscar/sparc-ork-elf/lib/libc.a(exit.o)
                0x02026484                exit
 .text          0x02026510       0x90 /usr/local/openravenscar/sparc-ork-elf/lib/libc.a(fputc.o)
                0x02026510                fputc
 .text          0x020265a0       0x40 /usr/local/openravenscar/sparc-ork-elf/lib/libc.a(getenv.o)
                0x020265c0                getenv
                0x020265a0                _findenv
 .text          0x020265e0      0x100 /usr/local/openravenscar/sparc-ork-elf/lib/libc.a(getenv_r.o)
                0x020265e0                _findenv_r
                0x020266c4                _getenv_r
 .text          0x020266e0       0x1c /usr/local/openravenscar/sparc-ork-elf/lib/libc.a(gmtime.o)
                0x020266e0                gmtime
 .text          0x020266fc       0x20 /usr/local/openravenscar/sparc-ork-elf/lib/libc.a(lcltime.o)
                0x020266fc                localtime
 .text          0x0202671c      0x21c /usr/local/openravenscar/sparc-ork-elf/lib/libc.a(lcltime_r.o)
                0x0202671c                localtime_r
 .text          0x02026938       0x38 /usr/local/openravenscar/sparc-ork-elf/lib/libc.a(malloc.o)
                0x02026938                malloc
                0x02026954                free
 .text          0x02026970      0x774 /usr/local/openravenscar/sparc-ork-elf/lib/libc.a(mallocr.o)
                0x02026b3c                _malloc_r
 .text          0x020270e4       0x80 /usr/local/openravenscar/sparc-ork-elf/lib/libc.a(memcmp.o)
                0x020270e4                memcmp
 .text          0x02027164       0xc4 /usr/local/openravenscar/sparc-ork-elf/lib/libc.a(memcpy.o)
                0x02027164                memcpy
 .text          0x02027228       0xa4 /usr/local/openravenscar/sparc-ork-elf/lib/libc.a(memset.o)
                0x02027228                memset
 .text          0x020272cc       0x10 /usr/local/openravenscar/sparc-ork-elf/lib/libc.a(mlock.o)
                0x020272d4                __malloc_unlock
                0x020272cc                __malloc_lock
 .text          0x020272dc       0x70 /usr/local/openravenscar/sparc-ork-elf/lib/libc.a(printf.o)
                0x0202730c                printf
                0x020272dc                _printf_r
 .text          0x0202734c       0x20 /usr/local/openravenscar/sparc-ork-elf/lib/libc.a(realloc.o)
                0x0202734c                realloc
 .text          0x0202736c      0x50c /usr/local/openravenscar/sparc-ork-elf/lib/libc.a(reallocr.o)
                0x0202736c                _realloc_r
 .text          0x02027878       0x40 /usr/local/openravenscar/sparc-ork-elf/lib/libc.a(rget.o)
                0x02027878                __srget
 .text          0x020278b8       0x34 /usr/local/openravenscar/sparc-ork-elf/lib/libc.a(sbrkr.o)
                0x020278b8                _sbrk_r
 .text          0x020278ec       0x64 /usr/local/openravenscar/sparc-ork-elf/lib/libc.a(scanf.o)
                0x02027924                _scanf_r
                0x020278ec                scanf
 .text          0x02027950      0x24c /usr/local/openravenscar/sparc-ork-elf/lib/libc.a(signal.o)
                0x020279ac                _signal_r
                0x02027a08                _raise_r
                0x02027aa4                __sigtramp_r
                0x02027b48                signal
                0x02027b68                _init_signal
                0x02027950                _init_signal_r
                0x02027b80                __sigtramp
                0x02027b2c                raise
 .text          0x02027b9c       0x4c /usr/local/openravenscar/sparc-ork-elf/lib/libc.a(signalr.o)
                0x02027b9c                _kill_r
                0x02027bd4                _getpid_r
 .text          0x02027be8       0xb4 /usr/local/openravenscar/sparc-ork-elf/lib/libc.a(sprintf.o)
                0x02027be8                _sprintf_r
                0x02027c3c                sprintf
 .text          0x02027c9c       0x8c /usr/local/openravenscar/sparc-ork-elf/lib/libc.a(strcat.o)
                0x02027c9c                strcat
 .text          0x02027d28       0xb8 /usr/local/openravenscar/sparc-ork-elf/lib/libc.a(strcmp.o)
                0x02027d28                strcmp
 .text          0x02027de0       0x8c /usr/local/openravenscar/sparc-ork-elf/lib/libc.a(strcpy.o)
                0x02027de0                strcpy
 .text          0x02027e6c       0x78 /usr/local/openravenscar/sparc-ork-elf/lib/libc.a(strlen.o)
                0x02027e6c                strlen
 .text          0x02027ee4       0xcc /usr/local/openravenscar/sparc-ork-elf/lib/libc.a(strncmp.o)
                0x02027ee4                strncmp
 .text          0x02027fb0       0xd4 /usr/local/openravenscar/sparc-ork-elf/lib/libc.a(strncpy.o)
                0x02027fb0                strncpy
 .text          0x02028084       0x68 /usr/local/openravenscar/sparc-ork-elf/lib/libc.a(strstr.o)
                0x02028084                strstr
 .text          0x020280ec      0x1f8 /usr/local/openravenscar/sparc-ork-elf/lib/libc.a(strtol.o)
                0x020282c0                strtol
                0x020280ec                _strtol_r
 .text          0x020282e4     0x19c4 /usr/local/openravenscar/sparc-ork-elf/lib/libc.a(vfprintf.o)
                0x020283e8                _vfprintf_r
                0x020283c8                vfprintf
 .text          0x02029ca8      0xf30 /usr/local/openravenscar/sparc-ork-elf/lib/libc.a(vfscanf.o)
                0x02029ca8                __svfscanf
                0x0202aaf8                __sccl
 .text          0x0202abd8      0x10c /usr/local/openravenscar/sparc-ork-elf/lib/libc.a(wbuf.o)
                0x0202abd8                __swbuf
 .text          0x0202ace4      0x10c /usr/local/openravenscar/sparc-ork-elf/lib/libc.a(wsetup.o)
                0x0202ace4                __swsetup
 .text          0x0202adf0       0x18 /usr/local/openravenscar/sparc-ork-elf/lib/libc.a(atof.o)
                0x0202adf0                atof
 .text          0x0202ae08     0x1250 /usr/local/openravenscar/sparc-ork-elf/lib/libc.a(dtoa.o)
                0x0202aff4                _dtoa_r
 .text          0x0202c058       0x10 /usr/local/openravenscar/sparc-ork-elf/lib/libc.a(envlock.o)
                0x0202c060                __env_unlock
                0x0202c058                __env_lock
 .text          0x0202c068       0xf0 /usr/local/openravenscar/sparc-ork-elf/lib/libc.a(fflush.o)
                0x0202c068                fflush
 .text          0x0202c158      0x228 /usr/local/openravenscar/sparc-ork-elf/lib/libc.a(findfp.o)
                0x0202c310                __sinit
                0x0202c1b4                __sfmoreglue
                0x0202c2f8                _cleanup
                0x0202c2dc                _cleanup_r
                0x0202c20c                __sfp
 .text          0x0202c380       0xcc /usr/local/openravenscar/sparc-ork-elf/lib/libc.a(fread.o)
                0x0202c380                fread
 .text          0x0202c44c      0x3c0 /usr/local/openravenscar/sparc-ork-elf/lib/libc.a(freer.o)
                0x0202c44c                _free_r
                0x0202c6e8                _malloc_trim_r
 .text          0x0202c80c      0x380 /usr/local/openravenscar/sparc-ork-elf/lib/libc.a(fvwrite.o)
                0x0202c80c                __sfvwrite
 .text          0x0202cb8c       0x60 /usr/local/openravenscar/sparc-ork-elf/lib/libc.a(fwalk.o)
                0x0202cb8c                _fwalk
 .text          0x0202cbec       0xa4 /usr/local/openravenscar/sparc-ork-elf/lib/libc.a(locale.o)
                0x0202cbec                _setlocale_r
                0x0202cc4c                _localeconv_r
                0x0202cc58                setlocale
                0x0202cc78                localeconv
 .text          0x0202cc90      0x144 /usr/local/openravenscar/sparc-ork-elf/lib/libc.a(makebuf.o)
                0x0202cc90                __smakebuf
 .text          0x0202cdd4       0x58 /usr/local/openravenscar/sparc-ork-elf/lib/libc.a(mbtowc_r.o)
                0x0202cdd4                _mbtowc_r
 .text          0x0202ce2c       0xd4 /usr/local/openravenscar/sparc-ork-elf/lib/libc.a(memchr.o)
                0x0202ce2c                memchr
 .text          0x0202cf00      0x110 /usr/local/openravenscar/sparc-ork-elf/lib/libc.a(memmove.o)
                0x0202cf00                memmove
 .text          0x0202d010      0xd14 /usr/local/openravenscar/sparc-ork-elf/lib/libc.a(mprec.o)
                0x0202dcd8                _mprec_log10
                0x0202d284                _hi0bits
                0x0202d010                _Balloc
                0x0202db14                _d2b
                0x0202d3f4                _multiply
                0x0202dc48                _ratio
                0x0202d1c4                _s2b
                0x0202d3d0                _i2b
                0x0202d304                _lo0bits
                0x0202d7c4                __mcmp
                0x0202d5e0                _pow5mult
                0x0202d988                _ulp
                0x0202da14                _b2d
                0x0202d0e0                _multadd
                0x0202d82c                __mdiff
                0x0202d6c8                _lshift
                0x0202d0a8                _Bfree
 .text          0x0202dd24      0x19c /usr/local/openravenscar/sparc-ork-elf/lib/libc.a(refill.o)
                0x0202dd38                __srefill
 .text          0x0202dec0       0x38 /usr/local/openravenscar/sparc-ork-elf/lib/libc.a(s_isinf.o)
                0x0202dec0                isinf
 .text          0x0202def8      0x104 /usr/local/openravenscar/sparc-ork-elf/lib/libc.a(stdio.o)
                0x0202df94                __sseek
                0x0202def8                __sread
                0x0202dfe4                __sclose
                0x0202df44                __swrite
 .text          0x0202dffc      0xedc /usr/local/openravenscar/sparc-ork-elf/lib/libc.a(strtod.o)
                0x0202dffc                _strtod_r
                0x0202eebc                strtodf
                0x0202ee9c                strtod
 .text          0x0202eed8      0x1d8 /usr/local/openravenscar/sparc-ork-elf/lib/libc.a(strtoul.o)
                0x0202f08c                strtoul
                0x0202eed8                _strtoul_r
 .text          0x0202f0b0      0x228 /usr/local/openravenscar/sparc-ork-elf/lib/libc.a(ungetc.o)
                0x0202f160                ungetc
                0x0202f0b0                __submore
 .text          0x0202f2d8       0x3c /usr/local/openravenscar/sparc-ork-elf/lib/libc.a(writer.o)
                0x0202f2d8                _write_r
 .text          0x0202f314       0xa8 /usr/local/openravenscar/sparc-ork-elf/lib/libc.a(callocr.o)
                0x0202f314                _calloc_r
 .text          0x0202f3bc       0x34 /usr/local/openravenscar/sparc-ork-elf/lib/libc.a(closer.o)
                0x0202f3bc                _close_r
 .text          0x0202f3f0       0x38 /usr/local/openravenscar/sparc-ork-elf/lib/libc.a(fstatr.o)
                0x0202f3f0                _fstat_r
 .text          0x0202f428       0x3c /usr/local/openravenscar/sparc-ork-elf/lib/libc.a(lseekr.o)
                0x0202f428                _lseek_r
 .text          0x0202f464       0x3c /usr/local/openravenscar/sparc-ork-elf/lib/libc.a(readr.o)
                0x0202f464                _read_r
 .text          0x0202f4a0      0x134 /usr/local/openravenscar/sparc-ork-elf/lib/libork.a(ada_exceptions.o)
                0x0202f4a0                Instruction_Access_Exception
                0x0202f57c                Division_By_Zero
                0x0202f550                Stack_Overflow
                0x0202f4cc                Illegal_Instruction
                0x0202f5a8                Integer_Overflow
                0x0202f524                FP_Exception
                0x0202f4f8                Address_Not_Aligned
 .text          0x0202f5d4       0x1c /usr/local/openravenscar/sparc-ork-elf/lib/libork.a(close.o)
                0x0202f5d4                close
 .text          0x0202f5f0       0x30 /usr/local/openravenscar/sparc-ork-elf/lib/libork.a(execv.o)
                0x0202f5f0                execv
 .text          0x0202f620       0x28 /usr/local/openravenscar/sparc-ork-elf/lib/libork.a(fork.o)
                0x0202f620                fork
 .text          0x0202f648       0x30 /usr/local/openravenscar/sparc-ork-elf/lib/libork.a(fstat.o)
                0x0202f648                fstat
 .text          0x0202f678       0x30 /usr/local/openravenscar/sparc-ork-elf/lib/libork.a(getcwd.o)
                0x0202f678                getcwd
 .text          0x0202f6a8       0x30 /usr/local/openravenscar/sparc-ork-elf/lib/libork.a(getpid.o)
                0x0202f6a8                getpid
                0x0202f6c0                getppid
 .text          0x0202f6d8       0x84 /usr/local/openravenscar/sparc-ork-elf/lib/libork.a(isatty.o)
                0x0202f6d8                isatty
 .text          0x0202f75c       0x3c /usr/local/openravenscar/sparc-ork-elf/lib/libork.a(kill.o)
                0x0202f75c                kill
 .text          0x0202f798       0x30 /usr/local/openravenscar/sparc-ork-elf/lib/libork.a(link.o)
                0x0202f798                link
 .text          0x0202f7c8       0x34 /usr/local/openravenscar/sparc-ork-elf/lib/libork.a(lseek.o)
                0x0202f7c8                lseek
 .text          0x0202f7fc       0x34 /usr/local/openravenscar/sparc-ork-elf/lib/libork.a(open.o)
                0x0202f7fc                open
 .text          0x0202f830      0x148 /usr/local/openravenscar/sparc-ork-elf/lib/libork.a(read.o)
                0x0202f830                read
 .text          0x0202f978       0x34 /usr/local/openravenscar/sparc-ork-elf/lib/libork.a(readdir.o)
                0x0202f978                readdir
 .text          0x0202f9ac       0x20 /usr/local/openravenscar/sparc-ork-elf/lib/libork.a(mkdir.o)
                0x0202f9ac                mkdir
 .text          0x0202f9cc       0xb0 /usr/local/openravenscar/sparc-ork-elf/lib/libork.a(sbrk.o)
                0x0202f9cc                sbrk
 .text          0x0202fa7c       0x30 /usr/local/openravenscar/sparc-ork-elf/lib/libork.a(stat.o)
                0x0202fa7c                stat
 .text          0x0202faac       0x2c /usr/local/openravenscar/sparc-ork-elf/lib/libork.a(unlink.o)
                0x0202faac                unlink
 .text          0x0202fad8       0x2c /usr/local/openravenscar/sparc-ork-elf/lib/libork.a(wait.o)
                0x0202fad8                wait
 .text          0x0202fb04       0xec /usr/local/openravenscar/sparc-ork-elf/lib/libork.a(write.o)
                0x0202fb04                write
                0x0202fbf0                .=ALIGN(0x10)
 *(.eh_frame)
 .eh_frame      0x0202fbf0      0x11c /usr/local/openravenscar/lib/gcc-lib/sparc-ork-elf/2.8.1/adalib/libgnat.a(a-init.o)
 .eh_frame      0x0202fd0c       0x24 /usr/local/openravenscar/lib/gcc-lib/sparc-ork-elf/2.8.1/libgcc.a(__dummy.o)
 .eh_frame      0x0202fd30       0x24 /usr/local/openravenscar/lib/gcc-lib/sparc-ork-elf/2.8.1/libgcc.a(_ashldi3.o)
 .eh_frame      0x0202fd54       0x24 /usr/local/openravenscar/lib/gcc-lib/sparc-ork-elf/2.8.1/libgcc.a(_cmpdi2.o)
 .eh_frame      0x0202fd78       0x2c /usr/local/openravenscar/lib/gcc-lib/sparc-ork-elf/2.8.1/libgcc.a(_divdi3.o)
 .eh_frame      0x0202fda4       0x2c /usr/local/openravenscar/lib/gcc-lib/sparc-ork-elf/2.8.1/libgcc.a(_fixsfdi.o)
 .eh_frame      0x0202fdd0       0x2c /usr/local/openravenscar/lib/gcc-lib/sparc-ork-elf/2.8.1/libgcc.a(_fixunsdfdi.o)
 .eh_frame      0x0202fdfc       0x2c /usr/local/openravenscar/lib/gcc-lib/sparc-ork-elf/2.8.1/libgcc.a(_fixunssfdi.o)
 .eh_frame      0x0202fe28       0x28 /usr/local/openravenscar/lib/gcc-lib/sparc-ork-elf/2.8.1/libgcc.a(_floatdidf.o)
 .eh_frame      0x0202fe50       0x28 /usr/local/openravenscar/lib/gcc-lib/sparc-ork-elf/2.8.1/libgcc.a(_floatdisf.o)
 .eh_frame      0x0202fe78       0x24 /usr/local/openravenscar/lib/gcc-lib/sparc-ork-elf/2.8.1/libgcc.a(_lshrdi3.o)
 .eh_frame      0x0202fe9c       0x2c /usr/local/openravenscar/lib/gcc-lib/sparc-ork-elf/2.8.1/libgcc.a(_muldi3.o)
 .eh_frame      0x0202fec8       0x2c /usr/local/openravenscar/lib/gcc-lib/sparc-ork-elf/2.8.1/libgcc.a(_udivdi3.o)
 .eh_frame      0x0202fef4       0x2c /usr/local/openravenscar/lib/gcc-lib/sparc-ork-elf/2.8.1/libgcc.a(_umoddi3.o)
 .eh_frame      0x0202ff20      0x11c /usr/local/openravenscar/lib/gcc-lib/sparc-ork-elf/2.8.1/libgcc.a(frame.o)
 *fill*         0x0203003c        0x4
                0x02030040                .=ALIGN(0x10)
 *(.rodata)
 .rodata        0x02030040       0x44 ./symptoms.o
 *fill*         0x02030084        0x4
 .rodata        0x02030088      0x23c ./devices.o
 *fill*         0x020302c4        0x4
 .rodata        0x020302c8       0x4c ./workload.o
 *fill*         0x02030314        0x4
 .rodata        0x02030318       0x52 ./tools.o
 *fill*         0x0203036a        0x6
 .rodata        0x02030370      0x1b8 ./tasks.o
 .rodata        0x02030528        0x8 /usr/local/openravenscar/lib/gcc-lib/sparc-ork-elf/2.8.1/adalib/libgnarl.a(a-reatim.o)
 .rodata        0x02030530        0x8 /usr/local/openravenscar/lib/gcc-lib/sparc-ork-elf/2.8.1/adalib/libgnarl.a(a-retide.o)
 .rodata        0x02030538       0x24 /usr/local/openravenscar/lib/gcc-lib/sparc-ork-elf/2.8.1/adalib/libgnarl.a(s-taprob.o)
 *fill*         0x0203055c        0x4
 .rodata        0x02030560       0xd0 /usr/local/openravenscar/lib/gcc-lib/sparc-ork-elf/2.8.1/adalib/libgnarl.a(s-taprop.o)
 .rodata        0x02030630       0x50 /usr/local/openravenscar/lib/gcc-lib/sparc-ork-elf/2.8.1/adalib/libgnarl.a(s-tarest.o)
 .rodata        0x02030680      0x14a /usr/local/openravenscar/lib/gcc-lib/sparc-ork-elf/2.8.1/adalib/libgnarl.a(s-tasdeb.o)
 *fill*         0x020307ca        0x2
 .rodata        0x020307cc      0x300 /usr/local/openravenscar/lib/gcc-lib/sparc-ork-elf/2.8.1/adalib/libgnarl.a(s-taskin.o)
 .rodata        0x02030acc        0x8 /usr/local/openravenscar/lib/gcc-lib/sparc-ork-elf/2.8.1/adalib/libgnarl.a(kernel-interrupts.o)